    at defaultResolve (node:internal/modules/esm/resolve:989:11)
    at #cachedDefaultResolve (node:internal/modules/esm/loader:747:20)
    at #resolveAndMaybeBlockOnLoaderThread (node:internal/modules/esm/loader:783:38)
    at nextStep (node:internal/modules/customization_hooks:189:26)
    at Ie (file:///home/runner/work/pixel-perfect-replica/pixel-perfect-replica/node_modules/@tailwindcss/node/dist/index.mjs:1:539)
    at nextStep (node:internal/modules/customization_hooks:189:26)
    at resolveWithHooks (node:internal/modules/customization_hooks:417:10)
    at ModuleLoader.resolveSync (node:internal/modules/esm/loader:803:14)
Error [ERR_MODULE_NOT_FOUND]: Cannot find module '/home/runner/work/pixel-perfect-replica/pixel-perfect-replica/dist/server/server.js' imported from /home/runner/work/pixel-perfect-replica/pixel-perfect-replica/node_modules/@tanstack/start-plugin-core/dist/esm/vite/preview-server-plugin/plugin.js
    at finalizeResolution (node:internal/modules/esm/resolve:275:11)
    at moduleResolve (node:internal/modules/esm/resolve:865:10)
    at defaultResolve (node:internal/modules/esm/resolve:989:11)
    at #cachedDefaultResolve (node:internal/modules/esm/loader:747:20)
    at #resolveAndMaybeBlockOnLoaderThread (node:internal/modules/esm/loader:783:38)
    at nextStep (node:internal/modules/customization_hooks:189:26)
    at Ie (file:///home/runner/work/pixel-perfect-replica/pixel-perfect-replica/node_modules/@tailwindcss/node/dist/index.mjs:1:539)
    at nextStep (node:internal/modules/customization_hooks:189:26)
    at resolveWithHooks (node:internal/modules/customization_hooks:417:10)
    at ModuleLoader.resolveSync (node:internal/modules/esm/loader:803:14)
Error [ERR_MODULE_NOT_FOUND]: Cannot find module '/home/runner/work/pixel-perfect-replica/pixel-perfect-replica/dist/server/server.js' imported from /home/runner/work/pixel-perfect-replica/pixel-perfect-replica/node_modules/@tanstack/start-plugin-core/dist/esm/vite/preview-server-plugin/plugin.js
    at finalizeResolution (node:internal/modules/esm/resolve:275:11)
    at moduleResolve (node:internal/modules/esm/resolve:865:10)
    at defaultResolve (node:internal/modules/esm/resolve:989:11)
    at #cachedDefaultResolve (node:internal/modules/esm/loader:747:20)
    at #resolveAndMaybeBlockOnLoaderThread (node:internal/modules/esm/loader:783:38)
    at nextStep (node:internal/modules/customization_hooks:189:26)
    at Ie (file:///home/runner/work/pixel-perfect-replica/pixel-perfect-replica/node_modules/@tailwindcss/node/dist/index.mjs:1:539)
    at nextStep (node:internal/modules/customization_hooks:189:26)
    at resolveWithHooks (node:internal/modules/customization_hooks:417:10)
    at ModuleLoader.resolveSync (node:internal/modules/esm/loader:803:14)
